
> mega-video-discovery@0.1.0 dev
> next dev --port 3000

▲ Next.js 16.3.4 (Turbopack)
- Local:         http://localhost:3000
- Network:       http://10.184.194.164:3000
- Environments: .env
✓ Ready in 355ms
✓ Running next.config.ts took 23ms

 GET / 200 in 489ms (next.js: 156ms, application-code: 334ms)
 GET / 200 in 70ms (next.js: 5ms, application-code: 65ms)
 GET / 200 in 44ms (next.js: 1.9ms, application-code: 42ms)
 GET / 200 in 47ms (next.js: 4ms, application-code: 43ms)
 GET / 200 in 155ms (next.js: 7ms, application-code: 149ms)
 GET / 200 in 119ms (next.js: 3ms, application-code: 117ms)
 GET / 200 in 56ms (next.js: 3ms, application-code: 53ms)
 GET /video/broken-link-test-video 200 in 509ms (next.js: 430ms, application-code: 79ms)
 GET / 200 in 58ms (next.js: 6ms, application-code: 51ms)
 GET / 200 in 57ms (next.js: 4ms, application-code: 53ms)
 GET / 200 in 51ms (next.js: 4ms, application-code: 47ms)
 GET / 200 in 66ms (next.js: 3ms, application-code: 63ms)
 GET / 200 in 49ms (next.js: 4ms, application-code: 45ms)
 GET / 200 in 82ms (next.js: 8ms, application-code: 74ms)
 GET / 200 in 55ms (next.js: 5ms, application-code: 50ms)
 GET / 200 in 75ms (next.js: 8ms, application-code: 67ms)
 GET /video/freya-reign-girlfriend-warms-you-up-for-your-date 200 in 108ms (next.js: 36ms, application-code: 72ms)
[browser] A tree hydrated but some attributes of the server rendered HTML didn't match the client properties. This won't be patched up. This can happen if a SSR-ed Client Component used:

- A server/client branch `if (typeof window !== 'undefined')`.
- Variable input such as `Date.now()` or `Math.random()` which changes each time it's called.
- Date formatting in a user's locale which doesn't match the server.
- External changing data without sending a snapshot of it along with the HTML.
- Invalid HTML tag nesting.

It can also happen if the client has a browser extension installed which messes with the HTML before React loaded.

https://react.dev/link/hydration-mismatch

  ...
    <AppDevOverlayErrorBoundary globalError={[...]}>
      <ReplaySsrOnlyErrors>
      <DevRootHTTPAccessFallbackBoundary>
        <HTTPAccessFallbackBoundary notFound={<NotAllowedRootHTTPFallbackError>}>
          <HTTPAccessFallbackErrorBoundary pathname="/video/fre..." notFound={<NotAllowedRootHTTPFallbackError>} ...>
            <RedirectBoundary>
              <RedirectErrorBoundary router={{...}}>
                <Head>
                <__next_root_layout_boundary__>
                  <SegmentViewNode type="layout" pagePath="layout.tsx">
                    <SegmentTrieNode>
                    <link>
                    <script>
                    <RootLayout>
                      <html lang="en" className="geist_a715...">
                        <body className="min-h-full...">
                          <Header>
                            <header className="sticky top...">
                              <div className="mx-auto fl...">
                                <LinkComponent>
                                <SearchBar>
                                  <form onSubmit={function handleSubmit} role="search" className="flex-1 max...">
                                    <input
                                      type="search"
                                      value=""
                                      onChange={function onChange}
                                      placeholder="Search videos..."
                                      aria-label="Search videos"
                                      className="w-full rounded-full border border-border bg-card px-4 py-2 text-sm te..."
-                                     style={{caret-color:"transparent"}}
                                    >
                                ...
                          ...
                ...
 
 GET / 200 in 72ms (next.js: 8ms, application-code: 64ms)
 GET /video/freya-reign-quick-pegging-before-dinner 200 in 84ms (next.js: 26ms, application-code: 58ms)
 GET / 200 in 53ms (next.js: 4ms, application-code: 49ms)
 GET / 200 in 140ms (next.js: 4ms, application-code: 136ms)
 GET / 200 in 95ms (next.js: 3ms, application-code: 93ms)
 GET / 200 in 61ms (next.js: 7ms, application-code: 54ms)
 GET /video/broken-link-test-video 200 in 63ms (next.js: 21ms, application-code: 42ms)
 GET / 200 in 63ms (next.js: 11ms, application-code: 52ms)
 GET / 200 in 38ms (next.js: 2ms, application-code: 35ms)
 GET / 200 in 57ms (next.js: 4ms, application-code: 53ms)
 GET / 200 in 41ms (next.js: 3ms, application-code: 38ms)
 GET / 200 in 42ms (next.js: 1.8ms, application-code: 40ms)
 GET / 200 in 60ms (next.js: 4ms, application-code: 56ms)
 GET / 200 in 37ms (next.js: 1.8ms, application-code: 36ms)
 GET /video/freya-reign-girlfriend-warms-you-up-for-your-date 200 in 64ms (next.js: 22ms, application-code: 42ms)
 GET / 200 in 85ms (next.js: 4ms, application-code: 81ms)
[browser] A tree hydrated but some attributes of the server rendered HTML didn't match the client properties. This won't be patched up. This can happen if a SSR-ed Client Component used:

- A server/client branch `if (typeof window !== 'undefined')`.
- Variable input such as `Date.now()` or `Math.random()` which changes each time it's called.
- Date formatting in a user's locale which doesn't match the server.
- External changing data without sending a snapshot of it along with the HTML.
- Invalid HTML tag nesting.

It can also happen if the client has a browser extension installed which messes with the HTML before React loaded.

https://react.dev/link/hydration-mismatch

  ...
    <AppDevOverlayErrorBoundary globalError={[...]}>
      <ReplaySsrOnlyErrors>
      <DevRootHTTPAccessFallbackBoundary>
        <HTTPAccessFallbackBoundary notFound={<NotAllowedRootHTTPFallbackError>}>
          <HTTPAccessFallbackErrorBoundary pathname="/video/fre..." notFound={<NotAllowedRootHTTPFallbackError>} ...>
            <RedirectBoundary>
              <RedirectErrorBoundary router={{...}}>
                <Head>
                <__next_root_layout_boundary__>
                  <SegmentViewNode type="layout" pagePath="layout.tsx">
                    <SegmentTrieNode>
                    <link>
                    <script>
                    <RootLayout>
                      <html lang="en" className="geist_a715...">
                        <body className="min-h-full...">
                          <Header>
                            <header className="sticky top...">
                              <div className="mx-auto fl...">
                                <LinkComponent>
                                <SearchBar>
                                  <form onSubmit={function handleSubmit} role="search" className="flex-1 max...">
                                    <input
                                      type="search"
                                      value=""
                                      onChange={function onChange}
                                      placeholder="Search videos..."
                                      aria-label="Search videos"
                                      className="w-full rounded-full border border-border bg-card px-4 py-2 text-sm te..."
-                                     style={{caret-color:"transparent"}}
                                    >
                                ...
                          ...
                ...
 
 GET / 200 in 46ms (next.js: 3ms, application-code: 43ms)
 GET /video/freya-reign-quick-pegging-before-dinner 200 in 83ms (next.js: 23ms, application-code: 59ms)
 GET /video/freya-reign-girlfriend-warms-you-up-for-your-date 200 in 60ms (next.js: 18ms, application-code: 42ms)
 GET / 200 in 34ms (next.js: 3ms, application-code: 31ms)
✓ Compiled in 143ms
 GET / 200 in 39ms (next.js: 10ms, application-code: 29ms)
 GET / 200 in 50ms (next.js: 1.5ms, application-code: 49ms)
 GET /search?q=freya 200 in 71ms (next.js: 16ms, application-code: 55ms)
 GET /search?q=freya 200 in 46ms (next.js: 3ms, application-code: 43ms)
 GET /search?q=freya 200 in 42ms (next.js: 1.6ms, application-code: 40ms)
 GET / 200 in 90ms (next.js: 11ms, application-code: 79ms)
 GET /creators 200 in 83ms (next.js: 48ms, application-code: 35ms)
 GET /creator/goddess-aven 200 in 687ms (next.js: 648ms, application-code: 38ms)
 GET /creator/goddess-evelyn 200 in 56ms (next.js: 22ms, application-code: 35ms)
 GET /creator/israeli-goddess 200 in 53ms (next.js: 23ms, application-code: 30ms)
 GET / 200 in 18ms (next.js: 9ms, application-code: 9ms)
 GET / 200 in 31ms (next.js: 6ms, application-code: 25ms)
 GET /video/freya-reign-quick-pegging-before-dinner 200 in 111ms (next.js: 18ms, application-code: 93ms)
 GET /video/freya-reign-quick-pegging-before-dinner 200 in 81ms (next.js: 2ms, application-code: 79ms)
[?25h
